<?xml version="1.0" encoding="UTF-8"?>
<zone>
  <room x="-6" y="-4" z="0" name="Вокруг старой сторожевой башни" vnum="6343" exits="СВ" desc="   Вы обошли старую сторожевую башню, по-видимому, очень давно покинутую.\nСтены обросли кустами и кое-где деревьями. Верхние бойницы развалены, в крыше\nзияют рваные дыры. Вокруг валяются упавшие со стен сторожки камни.\n">
    <exit dir="north"/>
    <exit dir="east" vnum="6340"/>
  </room>
  <room x="-5" y="-4" z="0" name="Перед старой сторожевой башней" vnum="6340" exits="ЮЗ" desc="   Вы вышли к старой сторожевой башне, по-видимому, очень давно покинутой.\nСтены обросли кустами и кое-где деревьями. Верхние бойницы развалены, в крыше\nзияют рваные дыры. Вокруг валяются упавшие со стен сторожки камни.\n">
    <exit dir="south" vnum="6342"/>
    <exit dir="west" vnum="6343"/>
  </room>
  <room x="-5" y="-3" z="0" name="Перед сторожевой башней" vnum="6342" exits="СЮ" desc="   Старая сторожевая башня когда-то была наблюдательным пунктом, где сидела\nпередовая застава и следила за появлением врага. Башней ее можно назвать \nусловно, это касается только центральной круглой части, когда-то построенной,\nно впоследствии обнесенной невысокой стеной. Получилась маленькая крепость,\nгде можно спрятать лошадей и какое-то время сдерживать врагов. Сейчас вид\nвокруг совсем плохой, все заброшено, но вход закрывают остатки массивных \nдубовых ворот, висящие на ржавых петлях.\n">
    <exit dir="north" vnum="6340"/>
    <exit dir="south" vnum="6341"/>
  </room>
  <room x="-5" y="-2" z="0" name="Заросшая тропинка" vnum="6341" exits="СЮ" desc="   Едва заметная тропинка ведет вас сквозь кусты можжевельника. Вокруг \nсплошной бурелом, вам постоянно приходится перешагивать через выпирающие\nкорни деревьев. Под вашими ногами трещат ломающиеся сучки и ветки.\n">
    <exit dir="north" vnum="6342"/>
    <exit dir="south" vnum="6300"/>
  </room>
  <room x="-4" y="-2" z="0" name="Крепкие ворота" vnum="6031" exits="(С)Ю" desc="   Войдя в деревушку, вы заметили, что она не так уж и мала, как кажется\nснаружи. Около створок ворот стоит на посту пара местных охранников. \nГоворят, что в эту деревню ни разу не врывались половцы благодаря храбрости\nсвоих защитников.  \n">
    <exit dir="north" extra="door"/>
    <exit dir="south" vnum="6030"/>
  </room>
  <room x="-5" y="-1" z="0" name="Заросшая тропинка" vnum="6300" exits="СВ" desc="   Едва заметная тропинка ведет вас сквозь кусты можжевельника. Вокруг \nсплошной бурелом, вам постоянно приходится перешагивать через выпирающие\nкорни деревьев. Под вашими ногами трещат ломающиеся сучки и ветки.\n">
    <exit dir="north" vnum="6341"/>
    <exit dir="east" vnum="6030"/>
  </room>
  <room x="-4" y="-1" z="0" name="Сторожевая дорога" vnum="6030" exits="СЮЗ" desc="   Вы идете по дороге, выглядящей немного пустынно из-за отсутствия\nжителей. Это первый защитный рубеж от набегов половцев.\n">
    <exit dir="north" vnum="6031"/>
    <exit dir="south" vnum="6028"/>
    <exit dir="west" vnum="6300"/>
  </room>
  <room x="-6" y="0" z="0" name="В комнате старого воина" vnum="6047" exits="В" desc="   Комната старого воина выглядит суровой по сравнению с комнатой сотника.\nПо стенам развешано различное оружие, в углах стоят кожаные манекены,\nоблаченные в доспехи из разного материала. Под столом стоит большой\nокованный сундук.\n">
    <exit dir="east" vnum="6027"/>
  </room>
  <room x="-5" y="0" z="0" name="В доме сотника" vnum="6027" exits="ВЗ" desc="   Дом сотника выглядит весьма просторным. В углу у очага занимается\nхозяйством жена, сам сотник опытным взглядом оглядывает вас и предлагает\nвам свои услуги.\n">
    <exit dir="west" vnum="6047"/>
    <exit dir="east" vnum="6028"/>
  </room>
  <room x="-4" y="0" z="0" name="Сторожевая дорога" vnum="6028" exits="СВЮЗ" desc="   Небольшая укрепленная с двух сторон стенами дорога проходит мимо хижины\nместного охотника. Западнее виден дом сотника и его семьи. Около дверей\nдома стоит пара крепких парней, облаченных в стеганые кожаные доспехи.\n">
    <exit dir="north" vnum="6030"/>
    <exit dir="south" vnum="6026"/>
    <exit dir="west" vnum="6027"/>
    <exit dir="east" vnum="6029"/>
  </room>
  <room x="-3" y="0" z="0" name="Хижина охотника" vnum="6029" exits="З" desc="   Здесь живет местный охотник. На стенах жилища вы видите много разных\nшкур и рогов разных зверей. Но больше всего вас поразила медвежья шкура,\nкоторая в два раза больше всех животных, которых вам довелось видеть на\nсвоем веку. В углу хижины сложен небольшой очаг для обогрева жилища зимой.\n">
    <exit dir="west" vnum="6028"/>
  </room>
  <room x="-4" y="1" z="0" name="Сторожевая дорога" vnum="6026" exits="СЮ" desc="   Вы идете по дороге, выглядящей немного пустынно из-за отсутствия\nжителей. Это первый защитный рубеж от набегов половцев.\n">
    <exit dir="north" vnum="6028"/>
    <exit dir="south" vnum="6025"/>
  </room>
  <room x="-3" y="1" z="0" name="Перед огородом" vnum="6600" exits="СЮ" desc="   Небольшая, хорошо утоптанная тропинка ведет на огородный участок.\nПо обочинам растут различные сорняки.\n">
    <exit dir="north"/>
    <exit dir="south" vnum="6024"/>
  </room>
  <room x="-1" y="1" z="0" name="Капище" vnum="6023" exits="Ю" desc="   В центре капища стоит большой деревянный столб. Здесь местные жители\nжертвуют что-нибудь своим Богам, веря, что это их задабривает. В начале\nвесны здесь собирается вся деревня на праздник Посвящения в Охотники.\n">
    <exit dir="south" vnum="6019"/>
  </room>
  <room x="1" y="1" z="0" name="У покосившегося сруба." vnum="22600" exits="Ю" desc="   Один вид сооружения, высящегося перед Вами, способен навернуть слезы на глазах\nдаже у Чикатило - покосившийся, прогнивший, веками не правленый сруб колодца того\nи гляди обрушится, погребя надежду ньюбиса подняться еще на одну ступень. Ну а как\nже иначе - всякий так и норовит &quot;прыгнуть&quot; (даже донабрать &quot;колодец&quot; лень) - кто мечом\nзацепит, кто посохом заденет, некоторые вообще щит пытаются запихнуть, баш прокачать. \nИ хоть бы один принес досочку и подправил ветхий сруб. Обидно! Обидно и больно!\n">
    <exit dir="south" vnum="6021"/>
  </room>
  <room x="-4" y="2" z="0" name="Угол Сторожевой дороги" vnum="6025" exits="СВ" icon="20" desc="   Дорога поворачивает на север и недалеко вы видите перекресток. Может быть\nон выведет вас туда, куда вам надо?\n">
    <exit dir="north" vnum="6026"/>
    <exit dir="east" vnum="6024"/>
  </room>
  <room x="-3" y="2" z="0" name="Сторожевая дорога" vnum="6024" exits="СВЗ" desc="   Пройдя немного, вы видите местную ребятню, играющих в очень знакомую\nвам игру, но по другим правилам. Увидев вас, они стали с интересом вас\nобсуждать, показывая на вас пальцами.\n">
    <exit dir="north" vnum="6600"/>
    <exit dir="west" vnum="6025"/>
    <exit dir="east" vnum="6018"/>
  </room>
  <room x="-2" y="2" z="0" name="Перекресток" vnum="6018" exits="ВЮЗ" icon="17" desc="   Здесь улица разветвляется в три стороны. Улица на юг ведет к местной\nтаверне. В восточном направлении вы видите странную улицу, на которой нет\nне только взрослых жителей, но также и их детей. На запад вас ведет сторожевая\nулица.\n">
    <exit dir="south" vnum="6006"/>
    <exit dir="west" vnum="6024"/>
    <exit dir="east" vnum="6019"/>
  </room>
  <room x="-1" y="2" z="0" name="Безлюдный проулок" vnum="6019" exits="СВЗ" desc="   Вы заметили, что по этой дороге редко кто проходит. Наверно это все\nиз-за знахарки, живущей в ее конце. На севере вы видите круглое капище для\nжертвования богам.\n">
    <exit dir="north" vnum="6023"/>
    <exit dir="west" vnum="6018"/>
    <exit dir="east" vnum="6020"/>
  </room>
  <room x="0" y="2" z="0" name="Безлюдный проулок" vnum="6020" exits="ВЗ" desc="   Вы заметили, что по этой дороге редко кто проходит. Наверно это все\nиз-за знахарки, живущей в ее конце.\n">
    <exit dir="west" vnum="6019"/>
    <exit dir="east" vnum="6021"/>
  </room>
  <room x="1" y="2" z="0" name="Перед домом знахарки" vnum="6021" exits="СВЮЗ" desc="   Дорога вывела вас к странному дому, обвешанному пучками трав. Жители\nстараются обходит этот дом стороной. Они даже боятся произносить ее им\nвслух. Не каждый осмеливается подойти к дому и попросить помощи у нее,\nжители предпочитают справляться своими силами. Восточнее видны ворота.\n">
    <exit dir="north" vnum="22600"/>
    <exit dir="south" vnum="6022"/>
    <exit dir="west" vnum="6020"/>
    <exit dir="east" vnum="6046"/>
  </room>
  <room x="2" y="2" z="0" name="Восточные ворота" vnum="6046" exits="З" desc="   Крепкие ворота преградили вам путь. Около створок ворот стоит на\nпосту пара местных дружинников. Они подозрительно покосились на вас\nи сделали вид, что не заметили ваших попыток пройти.\n">
    <exit dir="west" vnum="6021"/>
  </room>
  <room x="-2" y="3" z="0" name="Срединная дорога" vnum="6006" exits="СЮ" color="008080" icon="12" desc="   Вы идете по оживленной улице. Среди снующих вокруг вас жителей вы\nзамечаете торговцев из других деревень. Вы заметили даже одного боярина\nиз стольного града Киева. Никто из них не обращает на вас внимания и вы\nс гордым видом шествуете дальше.\n">
    <exit dir="north" vnum="6018"/>
    <exit dir="south" vnum="6005"/>
  </room>
  <room x="1" y="3" z="0" name="Дом знахарки" vnum="6022" exits="С" desc="   Войдя в дом, вы заметили, что тут нет привычного вам освещения.\nГолубоватый свет исходит со стен дома, на которых расположен вам неизвестный\nвид кристалла. Хозяйка этой лавки смотрит на вас своим цепким\nвзглядом и по ее поведению вы замечаете, что у нее скверный характер.\n">
    <exit dir="north" vnum="6021"/>
  </room>
  <room x="-2" y="4" z="0" name="Срединная дорога" vnum="6005" exits="СВЮ" desc="   Вы идете по оживленной улице. Среди жителей вы замечаете торговцев\nиз других деревень. Никто из них не обращает на вас внимания и вы с гордым\nвидом шествуете дальше. Восточнее вы заметили хижину местной травницы.\n">
    <exit dir="north" vnum="6006"/>
    <exit dir="south" vnum="6003"/>
    <exit dir="east" vnum="6043"/>
  </room>
  <room x="-1" y="4" z="0" name="Дом травницы" vnum="6043" exits="З" desc="   В доме приятно пахнет различными травами. Присмотревшись, вы замечаете\nвысушенные листья разрыв-травы. Вы припоминаете, что эта трава может\nоткрыть любой замок. Под потолком висят пучки различных трав.\n">
    <exit dir="west" vnum="6005"/>
  </room>
</zone>
