<?xml version="1.0" encoding="UTF-8"?>
<zone>
  <room x="-6" y="-10" z="0" name="Вокруг старой сторожевой башни" vnum="6343" exits="СВ" desc="   Вы обошли старую сторожевую башню, по-видимому, очень давно покинутую.\nСтены обросли кустами и кое-где деревьями. Верхние бойницы развалены, в крыше\nзияют рваные дыры. Вокруг валяются упавшие со стен сторожки камни.\n">
    <exit dir="north"/>
    <exit dir="east" vnum="6340"/>
  </room>
  <room x="-5" y="-10" z="0" name="Перед старой сторожевой башней" vnum="6340" exits="ЮЗ" desc="   Вы вышли к старой сторожевой башне, по-видимому, очень давно покинутой.\nСтены обросли кустами и кое-где деревьями. Верхние бойницы развалены, в крыше\nзияют рваные дыры. Вокруг валяются упавшие со стен сторожки камни.\n">
    <exit dir="south" vnum="6342"/>
    <exit dir="west" vnum="6343"/>
  </room>
  <room x="-5" y="-9" z="0" name="Перед сторожевой башней" vnum="6342" exits="СЮ" desc="   Старая сторожевая башня когда-то была наблюдательным пунктом, где сидела\nпередовая застава и следила за появлением врага. Башней ее можно назвать \nусловно, это касается только центральной круглой части, когда-то построенной,\nно впоследствии обнесенной невысокой стеной. Получилась маленькая крепость,\nгде можно спрятать лошадей и какое-то время сдерживать врагов. Сейчас вид\nвокруг совсем плохой, все заброшено, но вход закрывают остатки массивных \nдубовых ворот, висящие на ржавых петлях.\n">
    <exit dir="north" vnum="6340"/>
    <exit dir="south" vnum="6341"/>
  </room>
  <room x="-5" y="-8" z="0" name="Заросшая тропинка" vnum="6341" exits="СЮ" desc="   Едва заметная тропинка ведет вас сквозь кусты можжевельника. Вокруг \nсплошной бурелом, вам постоянно приходится перешагивать через выпирающие\nкорни деревьев. Под вашими ногами трещат ломающиеся сучки и ветки.\n">
    <exit dir="north" vnum="6342"/>
    <exit dir="south" vnum="6300"/>
  </room>
  <room x="-4" y="-8" z="0" name="Крепкие ворота" vnum="6031" exits="(С)Ю" desc="   Войдя в деревушку, вы заметили, что она не так уж и мала, как кажется\nснаружи. Около створок ворот стоит на посту пара местных охранников. \nГоворят, что в эту деревню ни разу не врывались половцы благодаря храбрости\nсвоих защитников.  \n">
    <exit dir="north" extra="door"/>
    <exit dir="south" vnum="6030"/>
  </room>
  <room x="-5" y="-7" z="0" name="Заросшая тропинка" vnum="6300" exits="СВ" desc="   Едва заметная тропинка ведет вас сквозь кусты можжевельника. Вокруг \nсплошной бурелом, вам постоянно приходится перешагивать через выпирающие\nкорни деревьев. Под вашими ногами трещат ломающиеся сучки и ветки.\n">
    <exit dir="north" vnum="6341"/>
    <exit dir="east" vnum="6030"/>
  </room>
  <room x="-4" y="-7" z="0" name="Сторожевая дорога" vnum="6030" exits="СЮЗ" desc="   Вы идете по дороге, выглядящей немного пустынно из-за отсутствия\nжителей. Это первый защитный рубеж от набегов половцев.\n">
    <exit dir="north" vnum="6031"/>
    <exit dir="south" vnum="6028"/>
    <exit dir="west" vnum="6300"/>
  </room>
  <room x="-6" y="-6" z="0" name="В комнате старого воина" vnum="6047" exits="В" desc="   Комната старого воина выглядит суровой по сравнению с комнатой сотника.\nПо стенам развешано различное оружие, в углах стоят кожаные манекены,\nоблаченные в доспехи из разного материала. Под столом стоит большой\nокованный сундук.\n">
    <exit dir="east" vnum="6027"/>
  </room>
  <room x="-5" y="-6" z="0" name="В доме сотника" vnum="6027" exits="ВЗ" desc="   Дом сотника выглядит весьма просторным. В углу у очага занимается\nхозяйством жена, сам сотник опытным взглядом оглядывает вас и предлагает\nвам свои услуги.\n">
    <exit dir="west" vnum="6047"/>
    <exit dir="east" vnum="6028"/>
  </room>
  <room x="-4" y="-6" z="0" name="Сторожевая дорога" vnum="6028" exits="СВЮЗ" desc="   Небольшая укрепленная с двух сторон стенами дорога проходит мимо хижины\nместного охотника. Западнее виден дом сотника и его семьи. Около дверей\nдома стоит пара крепких парней, облаченных в стеганые кожаные доспехи.\n">
    <exit dir="north" vnum="6030"/>
    <exit dir="south" vnum="6026"/>
    <exit dir="west" vnum="6027"/>
    <exit dir="east" vnum="6029"/>
  </room>
  <room x="-3" y="-6" z="0" name="Хижина охотника" vnum="6029" exits="З" desc="   Здесь живет местный охотник. На стенах жилища вы видите много разных\nшкур и рогов разных зверей. Но больше всего вас поразила медвежья шкура,\nкоторая в два раза больше всех животных, которых вам довелось видеть на\nсвоем веку. В углу хижины сложен небольшой очаг для обогрева жилища зимой.\n">
    <exit dir="west" vnum="6028"/>
  </room>
  <room x="-4" y="-5" z="0" name="Сторожевая дорога" vnum="6026" exits="СЮ" desc="   Вы идете по дороге, выглядящей немного пустынно из-за отсутствия\nжителей. Это первый защитный рубеж от набегов половцев.\n">
    <exit dir="north" vnum="6028"/>
    <exit dir="south" vnum="6025"/>
  </room>
  <room x="-3" y="-5" z="0" name="Перед огородом" vnum="6600" exits="СЮ" desc="   Небольшая, хорошо утоптанная тропинка ведет на огородный участок.\nПо обочинам растут различные сорняки.\n">
    <exit dir="north"/>
    <exit dir="south" vnum="6024"/>
  </room>
  <room x="-1" y="-5" z="0" name="Капище" vnum="6023" exits="Ю" desc="   В центре капища стоит большой деревянный столб. Здесь местные жители\nжертвуют что-нибудь своим Богам, веря, что это их задабривает. В начале\nвесны здесь собирается вся деревня на праздник Посвящения в Охотники.\n">
    <exit dir="south" vnum="6019"/>
  </room>
  <room x="1" y="-5" z="0" name="У покосившегося сруба." vnum="22600" exits="Ю" desc="   Один вид сооружения, высящегося перед Вами, способен навернуть слезы на глазах\nдаже у Чикатило - покосившийся, прогнивший, веками не правленый сруб колодца того\nи гляди обрушится, погребя надежду ньюбиса подняться еще на одну ступень. Ну а как\nже иначе - всякий так и норовит &quot;прыгнуть&quot; (даже донабрать &quot;колодец&quot; лень) - кто мечом\nзацепит, кто посохом заденет, некоторые вообще щит пытаются запихнуть, баш прокачать. \nИ хоть бы один принес досочку и подправил ветхий сруб. Обидно! Обидно и больно!\n">
    <exit dir="south" vnum="6021"/>
  </room>
  <room x="-7" y="-4" z="0" name="В доме умельца" vnum="6038" exits="Ю" desc="">
    <exit dir="south" vnum="6035"/>
  </room>
  <room x="-4" y="-4" z="0" name="Угол Сторожевой дороги" vnum="6025" exits="СВ" icon="20" desc="   Дорога поворачивает на север и недалеко вы видите перекресток. Может быть\nон выведет вас туда, куда вам надо?\n">
    <exit dir="north" vnum="6026"/>
    <exit dir="east" vnum="6024"/>
  </room>
  <room x="-3" y="-4" z="0" name="Сторожевая дорога" vnum="6024" exits="СВЗ" desc="   Пройдя немного, вы видите местную ребятню, играющих в очень знакомую\nвам игру, но по другим правилам. Увидев вас, они стали с интересом вас\nобсуждать, показывая на вас пальцами.\n">
    <exit dir="north" vnum="6600"/>
    <exit dir="west" vnum="6025"/>
    <exit dir="east" vnum="6018"/>
  </room>
  <room x="-2" y="-4" z="0" name="Перекресток" vnum="6018" exits="ВЮЗ" icon="17" desc="   Здесь улица разветвляется в три стороны. Улица на юг ведет к местной\nтаверне. В восточном направлении вы видите странную улицу, на которой нет\nне только взрослых жителей, но также и их детей. На запад вас ведет сторожевая\nулица.\n">
    <exit dir="south" vnum="6006"/>
    <exit dir="west" vnum="6024"/>
    <exit dir="east" vnum="6019"/>
  </room>
  <room x="-1" y="-4" z="0" name="Безлюдный проулок" vnum="6019" exits="СВЗ" desc="   Вы заметили, что по этой дороге редко кто проходит. Наверно это все\nиз-за знахарки, живущей в ее конце. На севере вы видите круглое капище для\nжертвования богам.\n">
    <exit dir="north" vnum="6023"/>
    <exit dir="west" vnum="6018"/>
    <exit dir="east" vnum="6020"/>
  </room>
  <room x="0" y="-4" z="0" name="Безлюдный проулок" vnum="6020" exits="ВЗ" desc="   Вы заметили, что по этой дороге редко кто проходит. Наверно это все\nиз-за знахарки, живущей в ее конце.\n">
    <exit dir="west" vnum="6019"/>
    <exit dir="east" vnum="6021"/>
  </room>
  <room x="1" y="-4" z="0" name="Перед домом знахарки" vnum="6021" exits="СВЮЗ" desc="   Дорога вывела вас к странному дому, обвешанному пучками трав. Жители\nстараются обходит этот дом стороной. Они даже боятся произносить ее им\nвслух. Не каждый осмеливается подойти к дому и попросить помощи у нее,\nжители предпочитают справляться своими силами. Восточнее видны ворота.\n">
    <exit dir="north" vnum="22600"/>
    <exit dir="south" vnum="6022"/>
    <exit dir="west" vnum="6020"/>
    <exit dir="east" vnum="6046"/>
  </room>
  <room x="2" y="-4" z="0" name="Восточные ворота" vnum="6046" exits="З" desc="   Крепкие ворота преградили вам путь. Около створок ворот стоит на\nпосту пара местных дружинников. Они подозрительно покосились на вас\nи сделали вид, что не заметили ваших попыток пройти.\n">
    <exit dir="west" vnum="6021"/>
  </room>
  <room x="-8" y="-3" z="0" name="Кожаных дел мастер" vnum="6039" exits="В" desc="">
    <exit dir="east" vnum="6035"/>
  </room>
  <room x="-7" y="-3" z="0" name="Торговая площадь" vnum="6035" exits="СВЮЗ" desc="">
    <exit dir="north" vnum="6038"/>
    <exit dir="south" vnum="6036"/>
    <exit dir="west" vnum="6039"/>
    <exit dir="east" vnum="6037"/>
  </room>
  <room x="-6" y="-3" z="0" name="Кузница" vnum="6037" exits="З" desc="">
    <exit dir="west" vnum="6035"/>
  </room>
  <room x="-2" y="-3" z="0" name="Срединная дорога" vnum="6006" exits="СЮ" color="008080" icon="12" desc="   Вы идете по оживленной улице. Среди снующих вокруг вас жителей вы\nзамечаете торговцев из других деревень. Вы заметили даже одного боярина\nиз стольного града Киева. Никто из них не обращает на вас внимания и вы\nс гордым видом шествуете дальше.\n">
    <exit dir="north" vnum="6018"/>
    <exit dir="south" vnum="6005"/>
  </room>
  <room x="1" y="-3" z="0" name="Дом знахарки" vnum="6022" exits="С" desc="   Войдя в дом, вы заметили, что тут нет привычного вам освещения.\nГолубоватый свет исходит со стен дома, на которых расположен вам неизвестный\nвид кристалла. Хозяйка этой лавки смотрит на вас своим цепким\nвзглядом и по ее поведению вы замечаете, что у нее скверный характер.\n">
    <exit dir="north" vnum="6021"/>
  </room>
  <room x="-7" y="-2" z="0" name="Торговая слобода" vnum="6036" exits="СЮ" desc="">
    <exit dir="north" vnum="6035"/>
    <exit dir="south" vnum="6034"/>
  </room>
  <room x="-5" y="-2" z="0" name="Церквушка" vnum="6042" exits="Ю" desc="">
    <exit dir="south" vnum="6016"/>
  </room>
  <room x="-2" y="-2" z="0" name="Срединная дорога" vnum="6005" exits="СВЮ" desc="   Вы идете по оживленной улице. Среди жителей вы замечаете торговцев\nиз других деревень. Никто из них не обращает на вас внимания и вы с гордым\nвидом шествуете дальше. Восточнее вы заметили хижину местной травницы.\n">
    <exit dir="north" vnum="6006"/>
    <exit dir="south" vnum="6003"/>
    <exit dir="east" vnum="6043"/>
  </room>
  <room x="-1" y="-2" z="0" name="Дом травницы" vnum="6043" exits="З" desc="   В доме приятно пахнет различными травами. Присмотревшись, вы замечаете\nвысушенные листья разрыв-травы. Вы припоминаете, что эта трава может\nоткрыть любой замок. Под потолком висят пучки различных трав.\n">
    <exit dir="west" vnum="6005"/>
  </room>
  <room x="1" y="-2" z="0" name="Ямская" vnum="6051" exits="Ю" desc="   Добротная изба-мазанка с широкими лавками по стенам и печью у северной стены.\nПочти половину ее занимает широченный стол, на котором красуется ополовиненный\nкувшин темного пива, а рядом с ним буханка хлеба и толстый шмат сала. Здесь\nпосле дальней дороги отдыхают ямщики - о чем свидетельствуют висящие по стенам\nнагайки и кнуты, а также крепкий, устоявшийся запах конского пота, сена, мокрой\nовчины и дорожной пыли.\n">
    <exit dir="south" vnum="6033"/>
  </room>
  <room x="-8" y="-1" z="0" name="Дом старого ведуна" vnum="6040" exits="В" desc="   В доме пахнет свежестью, как после грозы. В углу стоят различные\nпосохи. На стенах повешены всякие безделушки непонятного назначения,\nнапример, бусы из янтарного камня или серебряный колокольчик. На столе\nлежат одеяния для различных обрядов и праздников. На многих из них вы\nвидите перья неизвестных вам птиц.\n">
    <exit dir="east" vnum="6034"/>
  </room>
  <room x="-7" y="-1" z="0" name="Оживленный перекресток " vnum="6034" exits="СВЮЗ" desc="   Вы вышли на перекресток двух улиц, явно пользующихся популярностью по\nвиду массы народа, снующей в разные стороны. Около стены стоят торговцы\nс прилавками. Из трубы здания на юге валит дым.\n">
    <exit dir="north" vnum="6036"/>
    <exit dir="south" vnum="6041"/>
    <exit dir="west" vnum="6040"/>
    <exit dir="east" vnum="6017"/>
  </room>
  <room x="-6" y="-1" z="0" name="Главная улица" vnum="6017" exits="ВЮЗ" desc="   Вы идете по широкой, чистой улице, ведущей к торговой площади.\nЖители, проходящие мимо, не обращают на вас никакого внимания.\nВидно, такие как вы, заезжают сюда довольно часто. Южнее виден\nдом старосты.\n">
    <exit dir="south" vnum="6044"/>
    <exit dir="west" vnum="6034"/>
    <exit dir="east" vnum="6016"/>
  </room>
  <room x="-5" y="-1" z="0" name="Главная улица" vnum="6016" exits="СВЗ" desc="   Вы идете по широкой, чистой улице, ведущей к торговой площади. Жители,\nпроходящие мимо вас, не обращают на вас никакого внимания. Видно, такие\nкак вы, заезжают сюда довольно часто. На севере от вас расположена\nнебольшая церквушка.\n">
    <exit dir="north" vnum="6042"/>
    <exit dir="west" vnum="6017"/>
    <exit dir="east" vnum="6008"/>
  </room>
  <room x="-4" y="-1" z="0" name="Центральная улица" vnum="6008" exits="ВЮЗ" desc="   Вы заметили, что на юг отходит грязный проулок, откуда долетают\nтошнотворные запахи. Центральная же улица продолжается дальше на восток\nи запад.\n">
    <exit dir="south" vnum="6009"/>
    <exit dir="west" vnum="6016"/>
    <exit dir="east" vnum="6007"/>
  </room>
  <room x="-3" y="-1" z="0" name="Центральная улица" vnum="6007" exits="ВЗ" desc="   Вы идете по широкой, чистой улице, ведущей к торговой площади. Жители,\nпроходящие мимо вас, не обращают на вас никакого внимания. Видно, такие\nкак вы, заезжают сюда довольно часто.\n">
    <exit dir="west" vnum="6008"/>
    <exit dir="east" vnum="6003"/>
  </room>
  <room x="-2" y="-1" z="0" name="Центральный перекресток" vnum="6003" exits="СВЮЗ" desc="   Осмотревшись по сторонам, вы заметили, что улица разделяется на два\nнаправления. На востоке виднеется добротный дом, на запад же улица ведет\nк торговой улице. Прямо перед вами на юге стоит красивый дом с массивной\nдверью.\n">
    <exit dir="north" vnum="6005"/>
    <exit dir="south" vnum="6004"/>
    <exit dir="west" vnum="6007"/>
    <exit dir="east" vnum="6002"/>
  </room>
  <room x="-1" y="-1" z="0" name="Небольшая улочка" vnum="6002" exits="ВЗ" desc="   Вы идете по центральной улице, в отличие от других очищенной от мусора.\nНа юго-востоке виднеется крепкий дом, из трубы которого поднимается\nсизый дымок. Местные жители с интересом и недоверием посматривают на вас.\n">
    <exit dir="west" vnum="6003"/>
    <exit dir="east" vnum="6001"/>
  </room>
  <room x="0" y="-1" z="0" name="Перед трактиром" vnum="6001" exits="ВЮЗ" desc="   Вы вышли к небольшому дому, построенному из толстых бревен. Из приоткрытой\nдвери потянулись манящие запахи. Вам не терпится войти поскорее внутрь.\nОколо двери стоит со скучающим видом местный вышибала. При вашем приближении\nон насторожился и недобро прищурился. Здесь не любят дебоширов.\n">
    <exit dir="south" vnum="6000"/>
    <exit dir="west" vnum="6002"/>
    <exit dir="east" vnum="6033"/>
  </room>
  <room x="1" y="-1" z="0" name="У конюшни" vnum="6033" exits="СЮЗ" desc="   Вы подошли к пристроенной к таверне конюшне. Издалека вы замечаете\nкрасивых и грациозных коней, изящных лошадей и грубых тяжеловозов.\n">
    <exit dir="north" vnum="6051"/>
    <exit dir="south" vnum="6032"/>
    <exit dir="west" vnum="6001"/>
  </room>
  <room x="-7" y="0" z="0" name="Хижина отшельника" vnum="6041" exits="С" desc="">
    <exit dir="north" vnum="6034"/>
  </room>
  <room x="-6" y="0" z="0" name="Прихожая" vnum="6044" exits="СВЮ" desc="">
    <exit dir="north" vnum="6017"/>
    <exit dir="south" vnum="6045"/>
    <exit dir="east" vnum="6052"/>
  </room>
  <room x="-5" y="0" z="0" name="Кладовая" vnum="6052" exits="З" desc="">
    <exit dir="west" vnum="6044"/>
  </room>
  <room x="-4" y="0" z="0" name="Грязный проулок" vnum="6009" exits="СВЮ" desc="">
    <exit dir="north" vnum="6008"/>
    <exit dir="south" vnum="6010"/>
    <exit dir="east"/>
  </room>
  <room x="0" y="0" z="0" name="В трактире" vnum="6000" exits="С^" desc="   В доме весьма уютно и тепло. У дальней стенки сложен небольшой очаг\nиз обожженных глиняных кирпичей. Вверх ведет лестница к комнате для отдыха.\nЗа небольшими столиками сидят местные жители, обменивающиеся новостями и\nслухами. Приятные запахи щекочут вам нос, желудок напоминает вам, что вы\nпроделали долгий путь, ноги так и просятся присесть на какой-нибудь стул.\n">
    <exit dir="north" vnum="6001"/>
    <exit dir="up" vnum="6049"/>
  </room>
  <room x="1" y="0" z="0" name="Конюшня" vnum="6032" exits="С" desc="   Конюшня выглядит недавно убранной, ведь и лошадям нужен уход.\nВ нешироких стойлах стоят длинноногие быстрые степные лошади. Чуть\nпоодаль расположены крепкие стойла тяжеловозов. Без них в степи тяжело.\nВ углу здания стоит большой стог сена.\n">
    <exit dir="north" vnum="6033"/>
  </room>
  <room x="-6" y="1" z="0" name="Комната старосты" vnum="6045" exits="С" desc="">
    <exit dir="north" vnum="6044"/>
  </room>
  <room x="-4" y="1" z="0" name="Грязный проулок" vnum="6010" exits="СЮ" desc="">
    <exit dir="north" vnum="6009"/>
    <exit dir="south" vnum="6011"/>
  </room>
  <room x="-4" y="2" z="0" name="Грязный проулок" vnum="6011" exits="СВЗ" desc="">
    <exit dir="north" vnum="6010"/>
    <exit dir="west"/>
    <exit dir="east"/>
  </room>
  <room x="-2" y="2" z="0" name="Гридня" vnum="6004" exits="С" desc="   Войдя в дом, вы заметили, что он выглядит лучше, чем все другие. Около\nстены стоит большая лежанка, в углу аккуратно сложен очаг из обоженной\nглины. Вдоль стены стоит добротный массивный шкаф.\n">
    <exit dir="north" vnum="6003"/>
  </room>
  <room x="0" y="0" z="1" name="Комната отдыха" vnum="6049" exits="v" desc="   Небольшая освещенная лампами комната. Около стен стоят небольшие лежанки,\nна которые можно прилечь. Пол устелен шкурами различных животных, выложенных\nв своеобразный узор. Тут спокойная атмосфера и вы замечаете, что здесь можно\nпрекрасно отдохнуть и поспать. В северной стене видна дверь, ведущая\nв отдельные покои.\n&amp;#27;[1;32mСовсем малых, да не обученных так и тянет &amp;#27;[1;33mвойти &amp;#27;[1;32mв &amp;#27;[1;33mшколу&amp;#27;[1;32m.&amp;#27;[0;0m\n">
    <exit dir="down" vnum="6000"/>
  </room>
</zone>
