<?xml version="1.0" encoding="UTF-8"?>
<zone>
  <room x="-7" y="-4" z="0" name="В доме умельца" vnum="6038" exits="Ю" desc="">
    <exit dir="south" vnum="6035"/>
  </room>
  <room x="-8" y="-3" z="0" name="Кожаных дел мастер" vnum="6039" exits="В" desc="">
    <exit dir="east" vnum="6035"/>
  </room>
  <room x="-7" y="-3" z="0" name="Торговая площадь" vnum="6035" exits="СВЮЗ" desc="">
    <exit dir="north" vnum="6038"/>
    <exit dir="south" vnum="6036"/>
    <exit dir="west" vnum="6039"/>
    <exit dir="east" vnum="6037"/>
  </room>
  <room x="-6" y="-3" z="0" name="Кузница" vnum="6037" exits="З" desc="">
    <exit dir="west" vnum="6035"/>
  </room>
  <room x="-7" y="-2" z="0" name="Торговая слобода" vnum="6036" exits="СЮ" desc="">
    <exit dir="north" vnum="6035"/>
    <exit dir="south" vnum="6034"/>
  </room>
  <room x="-5" y="-2" z="0" name="Церквушка" vnum="6042" exits="Ю" desc="">
    <exit dir="south" vnum="6016"/>
  </room>
  <room x="1" y="-2" z="0" name="Ямская" vnum="6051" exits="Ю" desc="   Добротная изба-мазанка с широкими лавками по стенам и печью у северной стены.\nПочти половину ее занимает широченный стол, на котором красуется ополовиненный\nкувшин темного пива, а рядом с ним буханка хлеба и толстый шмат сала. Здесь\nпосле дальней дороги отдыхают ямщики - о чем свидетельствуют висящие по стенам\nнагайки и кнуты, а также крепкий, устоявшийся запах конского пота, сена, мокрой\nовчины и дорожной пыли.\n">
    <exit dir="south" vnum="6033"/>
  </room>
  <room x="-8" y="-1" z="0" name="Дом старого ведуна" vnum="6040" exits="В" desc="   В доме пахнет свежестью, как после грозы. В углу стоят различные\nпосохи. На стенах повешены всякие безделушки непонятного назначения,\nнапример, бусы из янтарного камня или серебряный колокольчик. На столе\nлежат одеяния для различных обрядов и праздников. На многих из них вы\nвидите перья неизвестных вам птиц.\n">
    <exit dir="east" vnum="6034"/>
  </room>
  <room x="-7" y="-1" z="0" name="Оживленный перекресток " vnum="6034" exits="СВЮЗ" desc="   Вы вышли на перекресток двух улиц, явно пользующихся популярностью по\nвиду массы народа, снующей в разные стороны. Около стены стоят торговцы\nс прилавками. Из трубы здания на юге валит дым.\n">
    <exit dir="north" vnum="6036"/>
    <exit dir="south" vnum="6041"/>
    <exit dir="west" vnum="6040"/>
    <exit dir="east" vnum="6017"/>
  </room>
  <room x="-6" y="-1" z="0" name="Главная улица" vnum="6017" exits="ВЮЗ" desc="   Вы идете по широкой, чистой улице, ведущей к торговой площади.\nЖители, проходящие мимо, не обращают на вас никакого внимания.\nВидно, такие как вы, заезжают сюда довольно часто. Южнее виден\nдом старосты.\n">
    <exit dir="south" vnum="6044"/>
    <exit dir="west" vnum="6034"/>
    <exit dir="east" vnum="6016"/>
  </room>
  <room x="-5" y="-1" z="0" name="Главная улица" vnum="6016" exits="СВЗ" desc="   Вы идете по широкой, чистой улице, ведущей к торговой площади. Жители,\nпроходящие мимо вас, не обращают на вас никакого внимания. Видно, такие\nкак вы, заезжают сюда довольно часто. На севере от вас расположена\nнебольшая церквушка.\n">
    <exit dir="north" vnum="6042"/>
    <exit dir="west" vnum="6017"/>
    <exit dir="east" vnum="6008"/>
  </room>
  <room x="-4" y="-1" z="0" name="Центральная улица" vnum="6008" exits="ВЮЗ" desc="   Вы заметили, что на юг отходит грязный проулок, откуда долетают\nтошнотворные запахи. Центральная же улица продолжается дальше на восток\nи запад.\n">
    <exit dir="south" vnum="6009"/>
    <exit dir="west" vnum="6016"/>
    <exit dir="east" vnum="6007"/>
  </room>
  <room x="-3" y="-1" z="0" name="Центральная улица" vnum="6007" exits="ВЗ" desc="   Вы идете по широкой, чистой улице, ведущей к торговой площади. Жители,\nпроходящие мимо вас, не обращают на вас никакого внимания. Видно, такие\nкак вы, заезжают сюда довольно часто.\n">
    <exit dir="west" vnum="6008"/>
    <exit dir="east" vnum="6003"/>
  </room>
  <room x="-2" y="-1" z="0" name="Центральный перекресток" vnum="6003" exits="СВЮЗ" desc="   Осмотревшись по сторонам, вы заметили, что улица разделяется на два\nнаправления. На востоке виднеется добротный дом, на запад же улица ведет\nк торговой улице. Прямо перед вами на юге стоит красивый дом с массивной\nдверью.\n">
    <exit dir="north" vnum="6005"/>
    <exit dir="south" vnum="6004"/>
    <exit dir="west" vnum="6007"/>
    <exit dir="east" vnum="6002"/>
  </room>
  <room x="-1" y="-1" z="0" name="Небольшая улочка" vnum="6002" exits="ВЗ" desc="   Вы идете по центральной улице, в отличие от других очищенной от мусора.\nНа юго-востоке виднеется крепкий дом, из трубы которого поднимается\nсизый дымок. Местные жители с интересом и недоверием посматривают на вас.\n">
    <exit dir="west" vnum="6003"/>
    <exit dir="east" vnum="6001"/>
  </room>
  <room x="0" y="-1" z="0" name="Перед трактиром" vnum="6001" exits="ВЮЗ" desc="   Вы вышли к небольшому дому, построенному из толстых бревен. Из приоткрытой\nдвери потянулись манящие запахи. Вам не терпится войти поскорее внутрь.\nОколо двери стоит со скучающим видом местный вышибала. При вашем приближении\nон насторожился и недобро прищурился. Здесь не любят дебоширов.\n">
    <exit dir="south" vnum="6000"/>
    <exit dir="west" vnum="6002"/>
    <exit dir="east" vnum="6033"/>
  </room>
  <room x="1" y="-1" z="0" name="У конюшни" vnum="6033" exits="СЮЗ" desc="   Вы подошли к пристроенной к таверне конюшне. Издалека вы замечаете\nкрасивых и грациозных коней, изящных лошадей и грубых тяжеловозов.\n">
    <exit dir="north" vnum="6051"/>
    <exit dir="south" vnum="6032"/>
    <exit dir="west" vnum="6001"/>
  </room>
  <room x="-7" y="0" z="0" name="Хижина отшельника" vnum="6041" exits="С" desc="">
    <exit dir="north" vnum="6034"/>
  </room>
  <room x="-6" y="0" z="0" name="Прихожая" vnum="6044" exits="СВЮ" desc="">
    <exit dir="north" vnum="6017"/>
    <exit dir="south" vnum="6045"/>
    <exit dir="east" vnum="6052"/>
  </room>
  <room x="-5" y="0" z="0" name="Кладовая" vnum="6052" exits="З" desc="">
    <exit dir="west" vnum="6044"/>
  </room>
  <room x="-4" y="0" z="0" name="Грязный проулок" vnum="6009" exits="СВЮ" desc="">
    <exit dir="north" vnum="6008"/>
    <exit dir="south" vnum="6010"/>
    <exit dir="east"/>
  </room>
  <room x="0" y="0" z="0" name="В трактире" vnum="6000" exits="С^" desc="   В доме весьма уютно и тепло. У дальней стенки сложен небольшой очаг\nиз обожженных глиняных кирпичей. Вверх ведет лестница к комнате для отдыха.\nЗа небольшими столиками сидят местные жители, обменивающиеся новостями и\nслухами. Приятные запахи щекочут вам нос, желудок напоминает вам, что вы\nпроделали долгий путь, ноги так и просятся присесть на какой-нибудь стул.\n">
    <exit dir="north" vnum="6001"/>
    <exit dir="up" vnum="6049"/>
  </room>
  <room x="1" y="0" z="0" name="Конюшня" vnum="6032" exits="С" desc="   Конюшня выглядит недавно убранной, ведь и лошадям нужен уход.\nВ нешироких стойлах стоят длинноногие быстрые степные лошади. Чуть\nпоодаль расположены крепкие стойла тяжеловозов. Без них в степи тяжело.\nВ углу здания стоит большой стог сена.\n">
    <exit dir="north" vnum="6033"/>
  </room>
  <room x="-6" y="1" z="0" name="Комната старосты" vnum="6045" exits="С" desc="">
    <exit dir="north" vnum="6044"/>
  </room>
  <room x="-4" y="1" z="0" name="Грязный проулок" vnum="6010" exits="СЮ" desc="">
    <exit dir="north" vnum="6009"/>
    <exit dir="south" vnum="6011"/>
  </room>
  <room x="-2" y="1" z="0" name="Гридня" vnum="6004" exits="С" desc="   Войдя в дом, вы заметили, что он выглядит лучше, чем все другие. Около\nстены стоит большая лежанка, в углу аккуратно сложен очаг из обоженной\nглины. Вдоль стены стоит добротный массивный шкаф.\n">
    <exit dir="north" vnum="6003"/>
  </room>
  <room x="-4" y="2" z="0" name="Грязный проулок" vnum="6011" exits="СВЗ" desc="">
    <exit dir="north" vnum="6010"/>
    <exit dir="west"/>
    <exit dir="east"/>
  </room>
  <room x="0" y="0" z="1" name="Комната отдыха" vnum="6049" exits="v" desc="   Небольшая освещенная лампами комната. Около стен стоят небольшие лежанки,\nна которые можно прилечь. Пол устелен шкурами различных животных, выложенных\nв своеобразный узор. Тут спокойная атмосфера и вы замечаете, что здесь можно\nпрекрасно отдохнуть и поспать. В северной стене видна дверь, ведущая\nв отдельные покои.\n&amp;#27;[1;32mСовсем малых, да не обученных так и тянет &amp;#27;[1;33mвойти &amp;#27;[1;32mв &amp;#27;[1;33mшколу&amp;#27;[1;32m.&amp;#27;[0;0m\n">
    <exit dir="down" vnum="6000"/>
  </room>
</zone>
