<?xml version="1.0" encoding="UTF-8"?>
<zone>
  <room x="0" y="0" z="0" name="Посыльная дорога" vnum="4100">
    <exit dir="north" vnum="4029"/>
    <exit dir="south" vnum="4101"/>
  </room>
  <room x="-1" y="1" z="0" name="Пашня" vnum="4111">
    <exit dir="south" vnum="4112"/>
    <exit dir="east" vnum="4101"/>
  </room>
  <room x="0" y="1" z="0" name="Посыльная дорога" vnum="4101">
    <exit dir="north" vnum="4100"/>
    <exit dir="south" vnum="4102"/>
    <exit dir="west" vnum="4111"/>
  </room>
  <room x="-2" y="2" z="0" name="Пашня" vnum="4119">
    <exit dir="south"/>
    <exit dir="east" vnum="4112"/>
  </room>
  <room x="-1" y="2" z="0" name="Пашня" vnum="4112">
    <exit dir="north" vnum="4111"/>
    <exit dir="south" vnum="4113"/>
    <exit dir="west" vnum="4119"/>
    <exit dir="east" vnum="4102"/>
  </room>
  <room x="0" y="2" z="0" name="Посыльная дорога" vnum="4102">
    <exit dir="north" vnum="4101"/>
    <exit dir="south" vnum="4103"/>
    <exit dir="west" vnum="4112"/>
    <exit dir="east" vnum="4122"/>
  </room>
  <room x="1" y="2" z="0" name="Пожня" vnum="4122">
    <exit dir="south"/>
    <exit dir="west" vnum="4102"/>
  </room>
  <room x="-1" y="3" z="0" name="Пашня" vnum="4113">
    <exit dir="north" vnum="4112"/>
    <exit dir="south" vnum="4114"/>
    <exit dir="west"/>
    <exit dir="east" vnum="4103"/>
  </room>
  <room x="0" y="3" z="0" name="Посыльная дорога" vnum="4103">
    <exit dir="north" vnum="4102"/>
    <exit dir="south"/>
    <exit dir="west"/>
    <exit dir="east"/>
  </room>
  <room x="-1" y="4" z="0" name="Пашня" vnum="4114">
    <exit dir="north" vnum="4113"/>
    <exit dir="south"/>
    <exit dir="west"/>
    <exit dir="east"/>
  </room>
</zone>
