<?xml version="1.0" encoding="UTF-8"?>
<zone>
  <level z="-2">
    <room name="Зеленый проспект." exits="В^" x="1" y="2" descr=" Проспект, представляющий собой конструкцию из сплетения&#13;&#10;ветвей и листьев различных деревьев гигантов.&#13;&#10;Здесь внезапно проспект поднимается вверх по ветвям деревьев.&#13;&#10;На восток проспект убегает к центру города.">
      <exit dir="east" x="2" y="2" z="-2"/>
      <exit dir="up" x="1" y="2" z="-1"/>
    </room>
    <room name="Жилище купца." exits="В" x="1" y="3" descr="  Не богато обставленное помещение, тем не менее,  сооружено&#13;&#10;из ценных пород дерева. Несколько сундуков с огромными замками&#13;&#10;стоят у дальней стены. На столе у окна свалена груда звериных шкур.">
      <exit dir="east" x="2" y="3" z="-2"/>
    </room>
    <room name="Цветочная улица." exits="ВЮ" x="1" y="6" descr=" Вокруг все так пестро от изобилия цветов и запахов,&#13;&#10;аж дух захватывает. Повсюду разбросаны неувядающие лепестки цветов.&#13;&#10;Цветочная улица располагается в юго-западном направлении.">
      <exit dir="south" x="1" y="7" z="-2"/>
      <exit dir="east" x="2" y="6" z="-2"/>
    </room>
    <room name="Цветочная улица." exits="СЮ" x="1" y="7" descr=" Вокруг все так пестро от изобилия цветов и запахов,&#13;&#10;аж дух захватывает. Повсюду разбросаны неувядающие лепестки цветов.&#13;&#10;Цветочная улица располагается в юго-западном направлении.">
      <exit dir="north" x="1" y="6" z="-2"/>
      <exit dir="south" x="1" y="8" z="-2"/>
    </room>
    <room name="Цветочная улица." exits="С^" x="1" y="8" descr=" Вокруг все так пестро от изобилия цветов и запахов,&#13;&#10;аж дух захватывает. Повсюду разбросаны неувядающие лепестки цветов.&#13;&#10;Цветочная улица располагается в юго-западном направлении.&#13;&#10;Здесь улица резко поднимается вверх по ветвям деревьев.">
      <exit dir="north" x="1" y="7" z="-2"/>
      <exit dir="up"/>
    </room>
    <room name="Зеленый проспект." exits="ЮЗ" x="2" y="2" descr=" Проспект, представляющий собой конструкцию из сплетения&#13;&#10;ветвей и листьев различных деревьев гигантов, поворачивает&#13;&#10;с юга на запад.">
      <exit dir="south" x="2" y="3" z="-2"/>
      <exit dir="west" x="1" y="2" z="-2"/>
    </room>
    <room name="Зеленый проспект." exits="СЮЗ" x="2" y="3" descr=" Проспект, представляющий собой конструкцию из сплетения&#13;&#10;ветвей и листьев различных деревьев гигантов, продолжается&#13;&#10;с юга на север. На западе видно &amp;#27;[1;37mжилище купца&amp;#27;[0;0m.">
      <exit dir="north" x="2" y="2" z="-2"/>
      <exit dir="south" x="2" y="4" z="-2"/>
      <exit dir="west" x="1" y="3" z="-2"/>
    </room>
    <room name="Зеленый проспект." exits="СВ" x="2" y="4" descr=" Проспект, представляющий собой конструкцию из сплетения&#13;&#10;ветвей и листьев различных деревьев гигантов, поворачивает&#13;&#10;с востока на север.">
      <exit dir="north" x="2" y="3" z="-2"/>
      <exit dir="east" x="3" y="4" z="-2"/>
    </room>
    <room name="Цветочная улица." exits="ВЮ" x="2" y="5" descr=" Вокруг все так пестро от изобилия цветов и запахов,&#13;&#10;аж дух захватывает. Повсюду разбросаны неувядающие лепестки цветов.&#13;&#10;Цветочная улица располагается в юго-западном направлении.">
      <exit dir="south" x="2" y="6" z="-2"/>
      <exit dir="east" x="3" y="5" z="-2"/>
    </room>
    <room name="Цветочная улица." exits="СЗ" x="2" y="6" descr=" Вокруг все так пестро от изобилия цветов и запахов,&#13;&#10;аж дух захватывает. Повсюду разбросаны неувядающие лепестки цветов.&#13;&#10;Цветочная улица располагается в юго-западном направлении.">
      <exit dir="north" x="2" y="5" z="-2"/>
      <exit dir="west" x="1" y="6" z="-2"/>
    </room>
    <room name="Зеленый проспект." exits="ВЮЗ" x="3" y="4" descr=" Вы находитесь на одной из самых красивых улиц лесного города.&#13;&#10;Здесь можно встретить наиредчайшие растения мира - эльфы на славу постарались.&#13;&#10;Проспект убегает на запад.&#13;&#10;С востока примыкает Виноградная улица.&#13;&#10;На юге видна центральная площадь.">
      <exit dir="south" x="3" y="5" z="-2"/>
      <exit dir="west" x="2" y="4" z="-2"/>
      <exit dir="east" x="4" y="4" z="-2"/>
    </room>
    <room name="Центральная площадь лесного города." exits="СВЗ^" x="3" y="5" descr=" Сплетения толстых ветвей и листьев деревьев гигантов образовали&#13;&#10;здесь огромную площадь. Мимолетный взгляд, кинутый вниз с площадки,&#13;&#10;вызывает дикое головокружение у чужеземцев.&#13;&#10;   Вниз - из города - уводит растительная лестница, которая не заканчивается&#13;&#10;здесь, а продолжает бежать вверх по стволу Зеленого Гиганта, теряясь в листве.&#13;&#10;   На юге ветви раздвинулись, и показалась пропасть, куда бросают преступников.&#13;&#10;По другим направлениям от дерева к дереву можно перейти по гигантским стволам.">
      <exit dir="north" x="3" y="4" z="-2"/>
      <exit dir="west" x="2" y="5" z="-2"/>
      <exit dir="east" x="4" y="5" z="-2"/>
      <exit dir="up" x="3" y="5" z="-1"/>
    </room>
    <room name="Виноградная улица." exits="ВЮ" x="4" y="3" descr=" Улица явно оправдала свое название: густые ветви винограда окружили&#13;&#10;Вас со всех сторон и закрыли небо, позволяя спрятаться от непогоды.&#13;&#10;Улица уходит на северо-восток.">
      <exit dir="south" x="4" y="4" z="-2"/>
      <exit dir="east" x="5" y="3" z="-2"/>
    </room>
    <room name="Виноградная улица." exits="СЗ" x="4" y="4" descr=" Улица явно оправдала свое название: густые ветви винограда окружили&#13;&#10;Вас со всех сторон и закрыли небо, позволяя спрятаться от непогоды.&#13;&#10;На западе виден Зеленый проспект.&#13;&#10;Улица уходит на северо-восток.">
      <exit dir="north" x="4" y="3" z="-2"/>
      <exit dir="west" x="3" y="4" z="-2"/>
    </room>
    <room name="Соболиная улица." exits="ВЗ" x="4" y="5" descr=" Чистая и светлая улица располагается в юго-восточном направлении.&#13;&#10;Изредка здесь можно встретить прогуливающихся соболей, нашедших&#13;&#10;себе дом в Эльфийском лесу.">
      <exit dir="west" x="3" y="5" z="-2"/>
      <exit dir="east" x="5" y="5" z="-2"/>
    </room>
    <room name="Виноградная улица." exits="ВЮ" x="5" y="2" descr=" Улица явно оправдала свое название: густые ветви винограда окружили&#13;&#10;Вас со всех сторон и закрыли небо, позволяя спрятаться от непогоды.&#13;&#10;Улица уходит на северо-восток..">
      <exit dir="south" x="5" y="3" z="-2"/>
      <exit dir="east" x="6" y="2" z="-2"/>
    </room>
    <room name="Виноградная улица." exits="СЗ" x="5" y="3" descr=" Улица явно оправдала свое название: густые ветви винограда окружили&#13;&#10;Вас со всех сторон и закрыли небо, позволяя спрятаться от непогоды.&#13;&#10;Улица уходит на северо-восток.">
      <exit dir="north" x="5" y="2" z="-2"/>
      <exit dir="west" x="4" y="3" z="-2"/>
    </room>
    <room name="Соболиная улица." exits="ЮЗ" x="5" y="5" descr=" Чистая и светлая улица располагается в юго-восточном направлении.&#13;&#10;Изредка здесь можно встретить прогуливающихся соболей, нашедших&#13;&#10;себе дом в Эльфийском лесу.">
      <exit dir="south"/>
      <exit dir="west" x="4" y="5" z="-2"/>
    </room>
    <room name="Виноградная улица." exits="З^" x="6" y="2" descr=" Улица явно оправдала свое название: густые ветви винограда окружили&#13;&#10;Вас со всех сторон и закрыли небо, позволяя спрятаться от непогоды.&#13;&#10;Придя с юго-запада, здесь улица уходит вверх по виноградным лозам.">
      <exit dir="west" x="5" y="2" z="-2"/>
      <exit dir="up" x="6" y="2" z="-1"/>
    </room>
  </level>
  <level z="-1">
    <room name="Зеленый проспект." exits="В^" x="0" y="2" descr=" Освещение здесь напоминает проблески изумрудов, разбросанных&#13;&#10;на морском дне. Воздух всегда свеж, и наполнен запахами.&#13;&#10;Сплетения толстых стволов деревьев уводит вверх, откуда свисает&#13;&#10;табличка: &quot;&amp;#27;[1;33mБАНК&amp;#27;[0;0m&quot;.&#13;&#10;Зеленый проспект уходит на восток. Сверху свисает лиана, за которую&#13;&#10;можно схватиться и перенестись на соседнее южное дерево.">
      <exit dir="east" x="1" y="2" z="-1"/>
      <exit dir="up" x="0" y="2" z="0"/>
    </room>
    <room name="Зеленый проспект." exits="Ю^" x="1" y="1" descr=" Освещение здесь напоминает проблески изумрудов, разбросанных&#13;&#10;на морском дне. Воздух всегда свеж, и наполнен запахами.&#13;&#10;Сплетения толстых стволов деревьев уводит вверх, откуда свисает&#13;&#10;табличка: &quot;&amp;#27;[1;37mТрактир &amp;#27;[1;33mЗолотой Дракон&amp;#27;[0;0m&quot;.&#13;&#10;Зеленый проспект уходит на юг. Сверху свисает лиана, за которую&#13;&#10;можно схватиться и перенестись на соседнее восточное дерево.">
      <exit dir="south" x="1" y="2" z="-1"/>
      <exit dir="up" x="1" y="1" z="0"/>
    </room>
    <room name="Перекресток Зеленого проспекта." exits="СЗv" x="1" y="2" descr=" Освещение здесь напоминает проблески изумрудов, разбросанных&#13;&#10;на морском дне. Воздух всегда свеж, и наполнен запахами.&#13;&#10;Словно язык змеи Зеленый проспект, тянущийся снизу, раздваивается&#13;&#10;здесь в северном и восточном направлениях.&#13;&#10;По свисающей лиане можно перебраться на соседнее юго-восточное дерево.">
      <exit dir="north" x="1" y="1" z="-1"/>
      <exit dir="west" x="0" y="2" z="-1"/>
      <exit dir="down" x="1" y="2" z="-2"/>
    </room>
    <room name="Небольшой балкончик." exits="В" x="2" y="5" descr=" Хитросплетения множества веток образуют небольшой навес,&#13;&#10;напоминающий балкон. Большие широкие листья над головой защитят&#13;&#10;от любого дождя.">
      <exit dir="east" x="3" y="5" z="-1"/>
    </room>
    <room name="Кабак у Белки." exits="Ю" x="3" y="4" descr=" Чистое аккуратное заведение с балкончиками вместо окон предстало перед Вами.&#13;&#10;За стойкой стоит светленькая эльфочка и наливает посетителям вино.&#13;&#10;Несколько круглых столов и удобных кресел стоят возле балконов.&#13;&#10;Ароматный запах еды идет из кухни.">
      <exit dir="south" x="3" y="5" z="-1"/>
    </room>
    <room name="Растительная лестница на Гигантском Дереве." exits="СВЮЗ^v" x="3" y="5" descr=" Хитросплетения множества веток образуют небольшой навес,&#13;&#10;напоминающий балкон. Большие широкие листья над головой защитят&#13;&#10;от любого дождя.">
      <exit dir="north" x="3" y="4" z="-1"/>
      <exit dir="south" x="3" y="6" z="-1"/>
      <exit dir="west" x="2" y="5" z="-1"/>
      <exit dir="east" x="4" y="5" z="-1"/>
      <exit dir="up" x="3" y="5" z="0"/>
      <exit dir="down" x="3" y="5" z="-2"/>
    </room>
    <room name="Небольшой балкончик." exits="С" x="3" y="6" descr=" Хитросплетения множества веток образуют небольшой навес,&#13;&#10;напоминающий балкон. Большие широкие листья над головой защитят&#13;&#10;от любого дождя.">
      <exit dir="north" x="3" y="5" z="-1"/>
    </room>
    <room name="Небольшой балкончик." exits="З" x="4" y="5" descr=" Хитросплетения множества веток образуют небольшой навес,&#13;&#10;напоминающий балкон. Большие широкие листья над головой защитят&#13;&#10;от любого дождя.&#13;&#10;">
      <exit dir="west" x="3" y="5" z="-1"/>
    </room>
    <room name="Виноградная улица." exits="В^" x="5" y="1" descr=" Улица явно оправдала свое название: густые ветви винограда окружили&#13;&#10;Вас со всех сторон и закрыли небо, позволяя спрятаться от непогоды.&#13;&#10;Густые ветви винограда оплели ствол дерева гиганта и разрослись вверх&#13;&#10;вдоль него, образуя лестницу. Аккуратная табличка свисает с верху,&#13;&#10;с надписью: &quot;&amp;#27;[1;37mЗакусочная Старого Варвара&amp;#27;[0;0m&quot;.&#13;&#10;Улица убегает на восток. Сверху свисает лиана, за которую можно схватиться&#13;&#10;и перенестись на соседнее западное дерево.">
      <exit dir="east" x="6" y="1" z="-1"/>
      <exit dir="up" x="5" y="1" z="0"/>
    </room>
    <room name="Виноградная улица." exits="ЮЗ^" x="6" y="1" descr=" Улица явно оправдала свое название: густые ветви винограда окружили&#13;&#10;Вас со всех сторон и закрыли небо, позволяя спрятаться от непогоды.&#13;&#10;Густые ветви винограда оплели ствол дерева гиганта и разрослись вверх&#13;&#10;вдоль него, образуя лестницу. Аккуратная табличка свисает с верху,&#13;&#10;с надписью: &quot;&amp;#27;[1;37mСамые лучшие вина&amp;#27;[0;0m&quot;.&#13;&#10;Улица поворачивает с юга на запад.">
      <exit dir="south" x="6" y="2" z="-1"/>
      <exit dir="west" x="5" y="1" z="-1"/>
      <exit dir="up" x="6" y="1" z="0"/>
    </room>
    <room name="Перекресток на Виноградной улице." exits="СВv" x="6" y="2" descr=" Улица явно оправдала свое название: густые ветви винограда окружили&#13;&#10;Вас со всех сторон и закрыли небо, позволяя спрятаться от непогоды.&#13;&#10;Придя с низу, улица разветвляется на север и восток,&#13;&#10;словно веточка винограда&#13;&#10;По свисающей лиане можно перебраться на соседнее юго-западное дерево.">
      <exit dir="north" x="6" y="1" z="-1"/>
      <exit dir="east" x="7" y="2" z="-1"/>
      <exit dir="down" x="6" y="2" z="-2"/>
    </room>
    <room name="Виноградная улица." exits="ВЗ^" x="7" y="2" descr=" Улица явно оправдала свое название: густые ветви винограда окружили&#13;&#10;Вас со всех сторон и закрыли небо, позволяя спрятаться от непогоды.&#13;&#10;Квадратные мраморные плитки парят в воздухе, исполняя роль ступенек&#13;&#10;невидимой лестницы, уводящей вверх, где видна табличка: &quot;&amp;#27;[1;37mГильдия Магов&amp;#27;[0;0m&quot;.&#13;&#10;Улица бежит с востока на запад.">
      <exit dir="west" x="6" y="2" z="-1"/>
      <exit dir="east" x="8" y="2" z="-1"/>
      <exit dir="up" x="7" y="2" z="0"/>
    </room>
    <room name="Виноградная улица." exits="З^" x="8" y="2" descr=" Улица явно оправдала свое название: густые ветви винограда окружили&#13;&#10;Вас со всех сторон и закрыли небо, позволяя спрятаться от непогоды.&#13;&#10;Густые ветви винограда оплели ствол дерева гиганта и разрослись вверх&#13;&#10;вдоль него, образуя лестницу. Аккуратная табличка, свисающая с верху,&#13;&#10;сообщает: &quot;&amp;#27;[1;37mМагазин доспехов&amp;#27;[0;0m&quot;. Улица убегает на запад. Сверху свисает&#13;&#10;лиана, за которую можно схватиться и перенестись на соседнее южное дерево.">
      <exit dir="west" x="7" y="2" z="-1"/>
      <exit dir="up" x="8" y="2" z="0"/>
    </room>
  </level>
  <level z="0">
    <room name="Кладовая трактира." exits="В" x="0" y="1" descr=" Вдоль стен комнаты стоят стеллажи и сундуки, в которых хранится&#13;&#10;различная необходимая утварь. Здесь можно &amp;#27;[1;37mполучить&amp;#27;[0;0m отсутствующие&#13;&#10;у Вас предметы первой необходимости. Смотрите &amp;#27;[1;37mсписок&amp;#27;[0;0m.&#13;&#10;Если у Вас нет свободного места в инвентаре, кладовщик выбросит некоторые вещи.&#13;&#10;Тогда попробуйте одеть часть вещей, или избавиться от них.">
      <exit dir="east" x="1" y="1" z="0"/>
    </room>
    <room name="Банк." exits="v" x="0" y="2" descr=" Богато украшенное помещение уставлено удобными диванами, на&#13;&#10;которых можно отдохнуть в ожидании. Вдоль дальней стены расположены&#13;&#10;зашторенные кабинки, где банковские служащие конфиденциально примут Вас.&#13;&#10;На одном и столиков лежит &amp;#27;[1;37mброшура&amp;#27;[0;0m для посетителей.">
      <exit dir="down" x="0" y="2" z="-1"/>
    </room>
    <room name="Лестница в сдаваемые комнаты." exits="Ю" x="1" y="0" descr=" Просторное светлое помещение отделанное буквально живым деревом.&#13;&#10;Стены помещения поросли густой пушистой листвой. Вместо окон на стенах&#13;&#10;со всех сторон круглые балкончики. Деревянная лестница уходит вверх на&#13;&#10;чердак. У северной стены рядом со стойкой овальная дверь, ведущая&#13;&#10;в Мад-школу. На стенде за стойкой висят ключи от пустующих комнат.&#13;&#10;   Здесь Вы можете уйти на &amp;#27;[1;37mпостой&amp;#27;[0;0m, то есть сохраниться и&#13;&#10;выйти из игры нормальным способом не рискуя потерять свои вещи.&#13;&#10;НО, НЕ забывайте, что за хранение некоторых ценных вещей необходимо&#13;&#10;платить. (См &amp;#27;[1;37m? постой&amp;#27;[0;0m, &amp;#27;[1;37m? стоимость&amp;#27;[0;0m)&#13;&#10;Лестница вверх уводит на чердак трактира, где полно крыс и других тварей.">
      <exit dir="south" x="1" y="1" z="0"/>
    </room>
    <room name="У стойки." exits="СВЮЗ^v" x="1" y="1" descr=" Просторное чистое помещение производит приятное впечатление.&#13;&#10;С обратной стороны стойки ровно расставлены различные спиртные напитки,&#13;&#10;и виден &amp;#27;[1;37mсписок&amp;#27;[0;0m товара.">
      <exit dir="north" x="1" y="0" z="0"/>
      <exit dir="south" x="1" y="2" z="0"/>
      <exit dir="west" x="0" y="1" z="0"/>
      <exit dir="east" x="2" y="1" z="0"/>
      <exit dir="up" x="1" y="1" z="1"/>
      <exit dir="down" x="1" y="1" z="-1"/>
    </room>
    <room name="Возле столиков." exits="СВ" x="1" y="2" descr=" Небольшие круглые столики расставлены повсюду. Возле столиков&#13;&#10;стоят мягкие удобные кресла. Здесь можно спокойно отдохнуть и&#13;&#10;насладиться едой и напитками, а так же пообщаться с другими посетителями.">
      <exit dir="north" x="1" y="1" z="0"/>
      <exit dir="east" x="2" y="2" z="0"/>
    </room>
    <room name="Улица Верхоцветья." exits="В^" x="1" y="6" descr=" Эта самая высокая улица города. Здесь частыми посетителями&#13;&#10;являются птицы, но тем не менее, улица выглядит очень чистой и&#13;&#10;аккуратной. Эльфы хорошо заботятся о чистоте своего города.&#13;&#10;Улица уходит на восток.&#13;&#10;На ярусе выше расположена &amp;#27;[1;37mгильдия следопытов&amp;#27;[0;0m.">
      <exit dir="east" x="2" y="6" z="0"/>
      <exit dir="up"/>
    </room>
    <room name="Помещение для объявлений." exits="ВЗ" x="2" y="1" descr=" Это комната служит для общения между игроками.&#13;&#10;На доске можно оставить сообщение. При заполнении доски,&#13;&#10;она обновляется. Пожелание - не захламлять. ">
      <exit dir="west" x="1" y="1" z="0"/>
      <exit dir="east" x="3" y="1" z="0"/>
    </room>
    <room name="Комнатка лекаря." exits="З" x="2" y="2" descr=" Небольшая ярко освященная комнатка. Несколько удобных кресел и множество&#13;&#10;полок с книгами - это все что здесь есть. Из большого открытого окна веет&#13;&#10;теплым приятным ветерком в любое время года.&#13;&#10;Чувствуется присутствие спокойной дремлющей Силы.&#13;&#10;Небольшой прейскурант стоит на одной из книжных полок.">
      <exit dir="west" x="1" y="2" z="0"/>
    </room>
    <room name="Улица Верхоцветья." exits="ВЮ^" x="2" y="5" descr=" Эта самая высокая улица города. Здесь частыми посетителями&#13;&#10;являются птицы, но тем не менее, улица выглядит очень чистой и&#13;&#10;аккуратной. Эльфы хорошо заботятся о чистоте своего города.&#13;&#10;Улица поворачивает с востока на юг.&#13;&#10;На ярусе выше расположена &amp;#27;[1;37mхлебопекарня&amp;#27;[0;0m.">
      <exit dir="south" x="2" y="6" z="0"/>
      <exit dir="east" x="3" y="5" z="0"/>
      <exit dir="up"/>
    </room>
    <room name="Улица Верхоцветья." exits="СЗ^" x="2" y="6" descr=" Эта самая высокая улица города. Здесь частыми посетителями&#13;&#10;являются птицы, но тем не менее, улица выглядит очень чистой и&#13;&#10;аккуратной. Эльфы хорошо заботятся о чистоте своего города.&#13;&#10;Улица поворачивает с севера на запад.&#13;&#10;На ярусе выше расположена &amp;#27;[1;37mгильдия ассасинов&amp;#27;[0;0m.">
      <exit dir="north" x="2" y="5" z="0"/>
      <exit dir="west" x="1" y="6" z="0"/>
      <exit dir="up"/>
    </room>
    <room name="Маленькая часовня." exits="З^" x="3" y="1" descr=" В этой комнате происходит общение между смертными и Бессмертными.&#13;&#10;Если у Вас возникают вопросы, только по существу, их можно будет&#13;&#10;здесь обсудить. Из открытого под потолком окошка льется лестница из света.">
      <exit dir="west" x="2" y="1" z="0"/>
      <exit dir="up" x="3" y="1" z="1"/>
    </room>
    <room name="Магазин могущества." exits="Ю" x="3" y="4" descr=" Зайдя суда Вы словно ослепли: здесь бушуют такие Силы,&#13;&#10;что зрение отказывается служить Вам. Все тело пронизывает&#13;&#10;какая-то странная невидимая река энергии, которая вызывает&#13;&#10;легкую дрожь в теле, и от которой бегут муражки.">
      <exit dir="south" x="3" y="5" z="0"/>
    </room>
    <room name="Растительная лестница на Гигантском Дереве." exits="СВЮЗ^v" x="3" y="5" descr=" Вы находитесь на верхнем ярусе Лесного города.&#13;&#10;Растительная лестница бежит с низу вверх, теряясь в листве.&#13;&#10;Улица Верхоцветья расположена с востока на запад.&#13;&#10;На севере возле неприметного входа висит табличка: &amp;#27;[1;37m&quot;Магазин могущества&quot;&amp;#27;[0;0m.&#13;&#10;На юге расположено жилище главы города, а дверью служит &amp;#27;[0;36mзавес&amp;#27;[0;0m из длинных&#13;&#10;узких листьев.">
      <exit dir="north" x="3" y="4" z="0"/>
      <exit dir="south" x="3" y="6" z="0"/>
      <exit dir="west" x="2" y="5" z="0"/>
      <exit dir="east" x="4" y="5" z="0"/>
      <exit dir="up"/>
      <exit dir="down" x="3" y="5" z="-1"/>
    </room>
    <room name="Жилище главы города." exits="С" x="3" y="6" descr=" Круглое светлое помещение образованное хитроумным сплетением&#13;&#10;ветвей поразило Вас своей простотой: столом, и стульями, а также&#13;&#10;кроватью здесь служат гигантские толстые листья, расстущие на&#13;&#10;&quot;стенах&quot; - стволах деревьев. Здесь вы можете &amp;#27;[1;37mполучить&amp;#27;[0;0m задание&#13;&#10;от главы города.">
      <exit dir="north" x="3" y="5" z="0"/>
    </room>
    <room name="Улица Верхоцветья." exits="ВЗ^" x="4" y="5" descr=" Эта самая высокая улица города. Здесь частыми посетителями&#13;&#10;являются птицы, но тем не менее, улица выглядит очень чистой и&#13;&#10;аккуратной. Эльфы хорошо заботятся о чистоте своего города.&#13;&#10;Улица идет с востока на запад.&#13;&#10;На ярусе выше расположена &amp;#27;[1;37mгльдия монахов&amp;#27;[0;0m.">
      <exit dir="west" x="3" y="5" z="0"/>
      <exit dir="east" x="5" y="5" z="0"/>
      <exit dir="up"/>
    </room>
    <room name="Закусочная лавка." exits="v" x="5" y="1" descr=" Запах жарящейся птицы вызвал активное слюновыделение.&#13;&#10;Вы мгновенно наши источник, раздражающий Ваш нос:&#13;&#10;у дальней стены на вертеле жарились в жаровне различные птички.">
      <exit dir="down" x="5" y="1" z="-1"/>
    </room>
    <room name="Улица Верхоцветья." exits="ВЮ^" x="5" y="4" descr=" Эта самая высокая улица города. Здесь частыми посетителями&#13;&#10;являются птицы, но тем не менее, улица выглядит очень чистой и&#13;&#10;аккуратной. Эльфы хорошо заботятся о чистоте своего города.&#13;&#10;Улица уходит на юг.&#13;&#10;На ярусе выше расположена &amp;#27;[1;37mгильдия варваров&amp;#27;[0;0m.&#13;&#10;С востока видна дверь &amp;#27;[1;37mпоходного магазина&amp;#27;[0;0m.">
      <exit dir="south" x="5" y="5" z="0"/>
      <exit dir="east" x="6" y="4" z="0"/>
      <exit dir="up"/>
    </room>
    <room name="Улица Верхоцветья." exits="СЗ^" x="5" y="5" descr=" Эта самая высокая улица города. Здесь частыми посетителями&#13;&#10;являются птицы, но тем не менее, улица выглядит очень чистой и&#13;&#10;аккуратной. Эльфы хорошо заботятся о чистоте своего города.&#13;&#10;Улица поворачивает с запада на север.&#13;&#10;На ярусе выше расположена &amp;#27;[1;37mгильдия тамплиеров&amp;#27;[0;0m.">
      <exit dir="north" x="5" y="4" z="0"/>
      <exit dir="west" x="4" y="5" z="0"/>
      <exit dir="up"/>
    </room>
    <room name="Винный магазин." exits="v" x="6" y="1" descr=" Колокольчик над дверью звякнул при Вашем появлении.&#13;&#10;На прилавке Вы обнаружили список товаров, и внимательно&#13;&#10;прочитали его... Чем больше Вы его читали, тем больше округлялись&#13;&#10;Ваши глаза.">
      <exit dir="down" x="6" y="1" z="-1"/>
    </room>
    <room name="Походный магазин." exits="З" x="6" y="4" descr=" Полки на стенах заставлены различным хламом, необходимым&#13;&#10;путнику для дальней дороги. Здесь и Вы найдете что нибудь&#13;&#10;полезное для себя.">
      <exit dir="west" x="5" y="4" z="0"/>
    </room>
    <room name="Гильдия магов." exits="v" x="7" y="2" descr=" Едва войдя в помещение Вам показалось, что Вы попали в большую&#13;&#10;городскую библиотеку: огромные - до самого потолка - стеллажи со множеством&#13;&#10;книг, исписанных непонятными Вам письменами, стоят со всех сторон.">
      <exit dir="down" x="7" y="2" z="-1"/>
    </room>
    <room name="Магазин доспехов." exits="v" x="8" y="2" descr=" Вдоль стен стоят несколько манекенов, наряженных в различные доспехи.&#13;&#10;Названия некоторых доспехов Вы даже и не знаете.&#13;&#10;Жаль, что не все, что есть на витрине выставлено на продажу.">
      <exit dir="down" x="8" y="2" z="-1"/>
    </room>
  </level>
  <level z="1">
    <room name="Комната с порталом на АРЕНУ." exits="v" x="1" y="1" descr=" Круглая комната с каменными стенами освещена лишь&#13;&#10;бледно-серебристым поблескиванием портала. Многочисленные&#13;&#10;следы на покрытом пылью полу свидетельствуют о популярности&#13;&#10;данного места. В портал можно &amp;#27;[1;37mвойти&amp;#27;[0;0m.">
      <exit dir="down" x="1" y="1" z="0"/>
    </room>
    <room name="Почтовое отделение Богов" exits="В" x="2" y="1" descr=" Почта Богов - то же, что и большинство почтовых отделений &#13;&#10;за исключением того, что она работает быстрее. Почтовое &#13;&#10;обслуживание на таком высоком уровне, что не возмущает и Богов.&#13;&#10;Кучи старой почты разбросаны вдоль стен. Я предполагаю, &#13;&#10;что даже Боги входят в списки адресатов. Комната с доской &#13;&#10;для бессмертных на востоке.">
      <exit dir="east" x="3" y="1" z="1"/>
    </room>
    <room name="Гостиница Богов" exits="Ю" x="3" y="0" descr=" Гостиница Богов - небольшая комната, содержащая только &#13;&#10;полку со множеством мелких драгоценных камней. Когда Бог &#13;&#10;уходит на постой, его имущество, его душа хранятся в этих &#13;&#10;камнях. На юге находится комната с доской для бессмертных.">
      <exit dir="south" x="3" y="1" z="1"/>
    </room>
    <room name="Вестибюль для БОГОВ" exits="СВЮЗ^v" x="3" y="1" descr=" Главное что можно выделить в этом месте, доска для бессмертных. &#13;&#10;Боги поправляют и меняют сообщения здесь почти каждый день. &#13;&#10;Комната с доской для смертных находится на востоке, а на юге &#13;&#10;можно увидеть комнату для сбора Богов. На севере-гостиница Богов,&#13;&#10;а на западе - почтовое отделение для Богов. Большая лестница, &#13;&#10;ведет вниз до главного храма города Шаэрраведд.">
      <exit dir="north" x="3" y="0" z="1"/>
      <exit dir="south" x="3" y="2" z="1"/>
      <exit dir="west" x="2" y="1" z="1"/>
      <exit dir="east" x="4" y="1" z="1"/>
      <exit dir="up" x="3" y="1" z="2"/>
      <exit dir="down" x="3" y="1" z="0"/>
    </room>
    <room name="Комната сбора Богов" exits="С" x="3" y="2" descr=" Помещение для встречи очень простое по своему строению. &#13;&#10;Круглый стол находится по середине комнаты, освещаемый неким &#13;&#10;невидимым источником света. Вокруг стола расположено много &#13;&#10;кресел, все пустые.">
      <exit dir="north" x="3" y="1" z="1"/>
    </room>
    <room name="Комната Богов с доской для смертных" exits="З" x="4" y="1" descr=" Здесь Боги волшебно создали точную копию комнаты с доской &#13;&#10;для смертных. Любой Бог может легко писать и читать сообщения &#13;&#10;на доске для смертных, оставаясь невидимым для смертных. &#13;&#10;Комната с доской для бессмертных на запад.">
      <exit dir="west" x="3" y="1" z="1"/>
    </room>
  </level>
  <level z="2">
    <room name="Комната для бесед" exits="v" x="3" y="1" descr=" Это изящно украшенная комната, служит для простых целей.&#13;&#10;Здесь в ее центре происходит обсуждение насущих проблем.&#13;&#10;Приятная и богатая обстановка располагает к продуктивному&#13;&#10;обсуждению МИРА.">
      <exit dir="down" x="3" y="1" z="1"/>
    </room>
  </level>
</zone>
