<?xml version="1.0" encoding="UTF-8"?>
<zone>
  <level z="-2">
    <room name="Зеленый проспект." exits="Ю^" x="1" y="1" descr=" Освещение здесь напоминает проблески изумрудов, разбросанных&#13;&#10;на морском дне. Воздух всегда свеж, и наполнен запахами.&#13;&#10;Сплетения толстых стволов деревьев уводит вверх, откуда свисает&#13;&#10;табличка: &quot;&amp;#27;[1;37mТрактир &amp;#27;[1;33mЗолотой Дракон&amp;#27;[0;0m&quot;.&#13;&#10;Зеленый проспект уходит на юг. Сверху свисает лиана, за которую&#13;&#10;можно схватиться и перенестись на соседнее восточное дерево.">
      <exit dir="south"/>
      <exit dir="up" x="1" y="1" z="-1"/>
    </room>
  </level>
  <level z="-1">
    <room name="Кладовая трактира." exits="В" x="0" y="1" descr=" Вдоль стен комнаты стоят стеллажи и сундуки, в которых хранится&#13;&#10;различная необходимая утварь. Здесь можно &amp;#27;[1;37mполучить&amp;#27;[0;0m отсутствующие&#13;&#10;у Вас предметы первой необходимости. Смотрите &amp;#27;[1;37mсписок&amp;#27;[0;0m.&#13;&#10;Если у Вас нет свободного места в инвентаре, кладовщик выбросит некоторые вещи.&#13;&#10;Тогда попробуйте одеть часть вещей, или избавиться от них.">
      <exit dir="east" x="1" y="1" z="-1"/>
    </room>
    <room name="Лестница в сдаваемые комнаты." exits="Ю" x="1" y="0" descr=" Просторное светлое помещение отделанное буквально живым деревом.&#13;&#10;Стены помещения поросли густой пушистой листвой. Вместо окон на стенах&#13;&#10;со всех сторон круглые балкончики. Деревянная лестница уходит вверх на&#13;&#10;чердак. У северной стены рядом со стойкой овальная дверь, ведущая&#13;&#10;в Мад-школу. На стенде за стойкой висят ключи от пустующих комнат.&#13;&#10;   Здесь Вы можете уйти на &amp;#27;[1;37mпостой&amp;#27;[0;0m, то есть сохраниться и&#13;&#10;выйти из игры нормальным способом не рискуя потерять свои вещи.&#13;&#10;НО, НЕ забывайте, что за хранение некоторых ценных вещей необходимо&#13;&#10;платить. (См &amp;#27;[1;37m? постой&amp;#27;[0;0m, &amp;#27;[1;37m? стоимость&amp;#27;[0;0m)&#13;&#10;Лестница вверх уводит на чердак трактира, где полно крыс и других тварей.">
      <exit dir="south" x="1" y="1" z="-1"/>
    </room>
    <room name="У стойки." exits="СВЮЗ^v" x="1" y="1" descr=" Просторное чистое помещение производит приятное впечатление.&#13;&#10;С обратной стороны стойки ровно расставлены различные спиртные напитки,&#13;&#10;и виден &amp;#27;[1;37mсписок&amp;#27;[0;0m товара.">
      <exit dir="north" x="1" y="0" z="-1"/>
      <exit dir="south" x="1" y="2" z="-1"/>
      <exit dir="west" x="0" y="1" z="-1"/>
      <exit dir="east" x="2" y="1" z="-1"/>
      <exit dir="up" x="1" y="1" z="0"/>
      <exit dir="down" x="1" y="1" z="-2"/>
    </room>
    <room name="Возле столиков." exits="СВ" x="1" y="2" descr=" Небольшие круглые столики расставлены повсюду. Возле столиков&#13;&#10;стоят мягкие удобные кресла. Здесь можно спокойно отдохнуть и&#13;&#10;насладиться едой и напитками, а так же пообщаться с другими посетителями.">
      <exit dir="north" x="1" y="1" z="-1"/>
      <exit dir="east" x="2" y="2" z="-1"/>
    </room>
    <room name="Помещение для объявлений." exits="ВЗ" x="2" y="1" descr=" Это комната служит для общения между игроками.&#13;&#10;На доске можно оставить сообщение. При заполнении доски,&#13;&#10;она обновляется. Пожелание - не захламлять. ">
      <exit dir="west" x="1" y="1" z="-1"/>
      <exit dir="east" x="3" y="1" z="-1"/>
    </room>
    <room name="Комнатка лекаря." exits="З" x="2" y="2" descr=" Небольшая ярко освященная комнатка. Несколько удобных кресел и множество&#13;&#10;полок с книгами - это все что здесь есть. Из большого открытого окна веет&#13;&#10;теплым приятным ветерком в любое время года.&#13;&#10;Чувствуется присутствие спокойной дремлющей Силы.&#13;&#10;Небольшой прейскурант стоит на одной из книжных полок.">
      <exit dir="west" x="1" y="2" z="-1"/>
    </room>
    <room name="Маленькая часовня." exits="З^" x="3" y="1" descr=" В этой комнате происходит общение между смертными и Бессмертными.&#13;&#10;Если у Вас возникают вопросы, только по существу, их можно будет&#13;&#10;здесь обсудить. Из открытого под потолком окошка льется лестница из света.">
      <exit dir="west" x="2" y="1" z="-1"/>
      <exit dir="up" x="3" y="1" z="0"/>
    </room>
  </level>
  <level z="0">
    <room name="Комната с порталом на АРЕНУ." exits="v" x="1" y="1" descr=" Круглая комната с каменными стенами освещена лишь&#13;&#10;бледно-серебристым поблескиванием портала. Многочисленные&#13;&#10;следы на покрытом пылью полу свидетельствуют о популярности&#13;&#10;данного места. В портал можно &amp;#27;[1;37mвойти&amp;#27;[0;0m.">
      <exit dir="down" x="1" y="1" z="-1"/>
    </room>
    <room name="Почтовое отделение Богов" exits="В" x="2" y="1" descr=" Почта Богов - то же, что и большинство почтовых отделений &#13;&#10;за исключением того, что она работает быстрее. Почтовое &#13;&#10;обслуживание на таком высоком уровне, что не возмущает и Богов.&#13;&#10;Кучи старой почты разбросаны вдоль стен. Я предполагаю, &#13;&#10;что даже Боги входят в списки адресатов. Комната с доской &#13;&#10;для бессмертных на востоке.">
      <exit dir="east" x="3" y="1" z="0"/>
    </room>
    <room name="Гостиница Богов" exits="Ю" x="3" y="0" descr=" Гостиница Богов - небольшая комната, содержащая только &#13;&#10;полку со множеством мелких драгоценных камней. Когда Бог &#13;&#10;уходит на постой, его имущество, его душа хранятся в этих &#13;&#10;камнях. На юге находится комната с доской для бессмертных.">
      <exit dir="south" x="3" y="1" z="0"/>
    </room>
    <room name="Вестибюль для БОГОВ" exits="СВЮЗ^v" x="3" y="1" descr=" Главное что можно выделить в этом месте, доска для бессмертных. &#13;&#10;Боги поправляют и меняют сообщения здесь почти каждый день. &#13;&#10;Комната с доской для смертных находится на востоке, а на юге &#13;&#10;можно увидеть комнату для сбора Богов. На севере-гостиница Богов,&#13;&#10;а на западе - почтовое отделение для Богов. Большая лестница, &#13;&#10;ведет вниз до главного храма города Шаэрраведд.">
      <exit dir="north" x="3" y="0" z="0"/>
      <exit dir="south" x="3" y="2" z="0"/>
      <exit dir="west" x="2" y="1" z="0"/>
      <exit dir="east" x="4" y="1" z="0"/>
      <exit dir="up" x="3" y="1" z="1"/>
      <exit dir="down" x="3" y="1" z="-1"/>
    </room>
    <room name="Комната сбора Богов" exits="С" x="3" y="2" descr=" Помещение для встречи очень простое по своему строению. &#13;&#10;Круглый стол находится по середине комнаты, освещаемый неким &#13;&#10;невидимым источником света. Вокруг стола расположено много &#13;&#10;кресел, все пустые.">
      <exit dir="north" x="3" y="1" z="0"/>
    </room>
    <room name="Комната Богов с доской для смертных" exits="З" x="4" y="1" descr=" Здесь Боги волшебно создали точную копию комнаты с доской &#13;&#10;для смертных. Любой Бог может легко писать и читать сообщения &#13;&#10;на доске для смертных, оставаясь невидимым для смертных. &#13;&#10;Комната с доской для бессмертных на запад.">
      <exit dir="west" x="3" y="1" z="0"/>
    </room>
  </level>
  <level z="1">
    <room name="Комната для бесед" exits="v" x="3" y="1" descr=" Это изящно украшенная комната, служит для простых целей.&#13;&#10;Здесь в ее центре происходит обсуждение насущих проблем.&#13;&#10;Приятная и богатая обстановка располагает к продуктивному&#13;&#10;обсуждению МИРА.">
      <exit dir="down" x="3" y="1" z="0"/>
    </room>
  </level>
</zone>
